🚀 Starting knowledge base build for Supabase...
📡 Scraping: https://www.cccp.com
🔍 Embeddings: Enabled
🗑️  Cleared existing knowledge base
📋 Found 320 URLs to process

  🔄 Generating embeddings for 2 chunks...
✅ Processed https://www.cccp.com/post/backup-and-archive/ → 2 chunks
  🔄 Generating embeddings for 2 chunks...
✅ Processed https://www.cccp.com/post/thank-you-for-60-great-years/ → 2 chunks
  🔄 Generating embeddings for 2 chunks...
✅ Processed https://www.cccp.com/post/ios-multitasking-myths/ → 2 chunks
  🔄 Generating embeddings for 2 chunks...
✅ Processed https://www.cccp.com/post/how-to-build-a-business-that-survives/ → 2 chunks
  🔄 Generating embeddings for 2 chunks...
✅ Processed https://www.cccp.com/post/mobile-accessibility/ → 2 chunks
  🔄 Generating embeddings for 3 chunks...
✅ Processed https://www.cccp.com/post/memorial-chapel-at-lawrence-university-community-spotlight/ → 3 chunks
  🔄 Generating embeddings for 2 chunks...
✅ Processed https://www.cccp.com/post/6-ios-keyboard-tips-sure-to-save-you-time/ → 2 chunks
  🔄 Generating embeddings for 2 chunks...
✅ Processed https://www.cccp.com/post/how-to-learn-new-software-programs-quickly-and-easily/ → 2 chunks
  🔄 Generating embeddings for 1 chunks...
✅ Processed https://www.cccp.com/post/cccp-is-trusted-technology-source-for-green-bay-packers/ → 1 chunks
  🔄 Generating embeddings for 3 chunks...
✅ Processed https://www.cccp.com/post/meyer-theater-renovation-taking-place-on-foundation-of-original-camera-corner-location/ → 3 chunks
  🔄 Generating embeddings for 1 chunks...
✅ Processed https://www.cccp.com/post/anti-fraud-tips-from-camera-corner/ → 1 chunks
  🔄 Generating embeddings for 2 chunks...
✅ Processed https://www.cccp.com/post/cccp-offers-best-products-technology-minded-consumer/ → 2 chunks
  🔄 Generating embeddings for 2 chunks...
✅ Processed https://www.cccp.com/post/problems-network/ → 2 chunks
  🔄 Generating embeddings for 2 chunks...
✅ Processed https://www.cccp.com/post/need-network-maintenance-equipment-repairs/ → 2 chunks
  🔄 Generating embeddings for 2 chunks...
✅ Processed https://www.cccp.com/post/disaster-recovery-and-backup-services-essential-for-your-business/ → 2 chunks
  🔄 Generating embeddings for 2 chunks...
✅ Processed https://www.cccp.com/post/hp-computers-hp-servers/ → 2 chunks
  🔄 Generating embeddings for 2 chunks...
✅ Processed https://www.cccp.com/post/do-you-need-it-consulting-or-it-support/ → 2 chunks
  🔄 Generating embeddings for 2 chunks...
✅ Processed https://www.cccp.com/post/cccps-networking-and-network-monitoring-solutions-invaluable/ → 2 chunks
  🔄 Generating embeddings for 2 chunks...
✅ Processed https://www.cccp.com/post/remote-phone-system/ → 2 chunks
  🔄 Generating embeddings for 2 chunks...
✅ Processed https://www.cccp.com/post/business-data-nightmare/ → 2 chunks
  🔄 Generating embeddings for 3 chunks...
✅ Processed https://www.cccp.com/post/virtual-reality-easily-establish-consistent-communications-anyone-anywhere/ → 3 chunks
  🔄 Generating embeddings for 2 chunks...
✅ Processed https://www.cccp.com/post/improve-business-transactions-with-wireless-networking-and-virtualization/ → 2 chunks
  🔄 Generating embeddings for 3 chunks...
✅ Processed https://www.cccp.com/post/does-your-organization-need-presentation-audio-or-video-solutions/ → 3 chunks
  🔄 Generating embeddings for 2 chunks...
✅ Processed https://www.cccp.com/post/day-camera-corner-studios/ → 2 chunks
  🔄 Generating embeddings for 2 chunks...
✅ Processed https://www.cccp.com/post/communication-made-simple-remote-workforce/ → 2 chunks
  🔄 Generating embeddings for 1 chunks...
✅ Processed https://www.cccp.com/post/beware-latest-version-cryptowall-malware/ → 1 chunks
  🔄 Generating embeddings for 2 chunks...
✅ Processed https://www.cccp.com/post/ramping-deploying-phone-system-works-remote-employees/ → 2 chunks
  🔄 Generating embeddings for 2 chunks...
✅ Processed https://www.cccp.com/post/netassist-helps-save-lost-data/ → 2 chunks
  🔄 Generating embeddings for 2 chunks...
✅ Processed https://www.cccp.com/post/phone-system-hinders-business-growth/ → 2 chunks
  🔄 Generating embeddings for 1 chunks...
✅ Processed https://www.cccp.com/post/cccp-hp-partner-to-help-the-green-bay-packers/ → 1 chunks
  🔄 Generating embeddings for 1 chunks...
✅ Processed https://www.cccp.com/post/cccp-featured-in-insight-business-magazine/ → 1 chunks
  🔄 Generating embeddings for 2 chunks...
✅ Processed https://www.cccp.com/post/a-phone-system-that-maximizes-your-control/ → 2 chunks
  🔄 Generating embeddings for 2 chunks...
✅ Processed https://www.cccp.com/post/10-ways-your-phone-system-improves-your-customers-experience/ → 2 chunks
  🔄 Generating embeddings for 3 chunks...
✅ Processed https://www.cccp.com/post/creating-better-customer-experiences-one-call-at-a-time/ → 3 chunks
  🔄 Generating embeddings for 2 chunks...
✅ Processed https://www.cccp.com/post/home-invasions-rise-with-the-temperature/ → 2 chunks
  🔄 Generating embeddings for 2 chunks...
✅ Processed https://www.cccp.com/post/school-security-checklist/ → 2 chunks
  🔄 Generating embeddings for 2 chunks...
✅ Processed https://www.cccp.com/post/customer-experience-management/ → 2 chunks
  🔄 Generating embeddings for 2 chunks...
✅ Processed https://www.cccp.com/post/5-questions-ask-switching-voip-phone-system/ → 2 chunks
  🔄 Generating embeddings for 2 chunks...
✅ Processed https://www.cccp.com/post/6-ways-unified-communications-improves-efficiency-profitability/ → 2 chunks
  🔄 Generating embeddings for 2 chunks...
✅ Processed https://www.cccp.com/post/5-business-scenarios-sip-trunking-makes-sense/ → 2 chunks
  🔄 Generating embeddings for 3 chunks...
✅ Processed https://www.cccp.com/post/strong-knowledge-base-supports-top-notch-service-delivery/ → 3 chunks
  🔄 Generating embeddings for 2 chunks...
✅ Processed https://www.cccp.com/post/voip-festival-foods-case-study/ → 2 chunks
  🔄 Generating embeddings for 2 chunks...
✅ Processed https://www.cccp.com/post/hpehp-symposium/ → 2 chunks
  🔄 Generating embeddings for 2 chunks...
✅ Processed https://www.cccp.com/post/camera-corner-connecting-point-associated-bank-unveil-new-accessibility-icon/ → 2 chunks
  🔄 Generating embeddings for 1 chunks...
✅ Processed https://www.cccp.com/post/preble-high-school-awarded-500/ → 1 chunks
  🔄 Generating embeddings for 1 chunks...
✅ Processed https://www.cccp.com/post/cccp-installs-new-sound-system-acuity/ → 1 chunks
  🔄 Generating embeddings for 1 chunks...
✅ Processed https://www.cccp.com/post/ashwaubenon-high-school-awarded-500/ → 1 chunks
  🔄 Generating embeddings for 2 chunks...
✅ Processed https://www.cccp.com/post/protect-your-mac/ → 2 chunks
  🔄 Generating embeddings for 4 chunks...
✅ Processed https://www.cccp.com/post/cccp-installs-nanolumens-acuity-insurance-creates-stunning-theater-display/ → 4 chunks
  🔄 Generating embeddings for 2 chunks...
✅ Processed https://www.cccp.com/post/camera-corner-connecting-point-reaches-blue-partner-status/ → 2 chunks
  🔄 Generating embeddings for 2 chunks...
✅ Processed https://www.cccp.com/post/camera-corner-connecting-point-announces-new-president/ → 2 chunks
  🔄 Generating embeddings for 1 chunks...
✅ Processed https://www.cccp.com/post/camera-corner-connecting-point-recognized-donation-beagle-freedom-project/ → 1 chunks
  🔄 Generating embeddings for 1 chunks...
✅ Processed https://www.cccp.com/post/congratulations-green-bay-west-high-school/ → 1 chunks
  🔄 Generating embeddings for 2 chunks...
✅ Processed https://www.cccp.com/post/wondering-ask-av-integrator/ → 2 chunks
  🔄 Generating embeddings for 3 chunks...
✅ Processed https://www.cccp.com/post/environment-ready-emerging-technologies/ → 3 chunks
  🔄 Generating embeddings for 5 chunks...
✅ Processed https://www.cccp.com/post/5-steps-to-defining-the-roi-for-your-digital-transformation-project/ → 5 chunks
  🔄 Generating embeddings for 1 chunks...
✅ Processed https://www.cccp.com/post/congratulations-to-mayville/ → 1 chunks
  🔄 Generating embeddings for 1 chunks...
✅ Processed https://www.cccp.com/post/altrusa-house-green-bay/ → 1 chunks
  🔄 Generating embeddings for 4 chunks...
✅ Processed https://www.cccp.com/post/av-out-with-the-old-and-in-with-the-new/ → 4 chunks
  🔄 Generating embeddings for 2 chunks...
✅ Processed https://www.cccp.com/post/cccp-adds-8x8-voip-provider-portfolio/ → 2 chunks
  🔄 Generating embeddings for 3 chunks...
✅ Processed https://www.cccp.com/post/protect-bottom-line-cyber-risks/ → 3 chunks
  🔄 Generating embeddings for 2 chunks...
✅ Processed https://www.cccp.com/post/ashly-audios-nx-series-creates-possibilities-christ-rock-community-church/ → 2 chunks
  🔄 Generating embeddings for 2 chunks...
✅ Processed https://www.cccp.com/post/mitel-introduces-integrated-portfolio-north-american-market/ → 2 chunks
  🔄 Generating embeddings for 3 chunks...
✅ Processed https://www.cccp.com/post/mesh-wireless-home/ → 3 chunks
  🔄 Generating embeddings for 2 chunks...
✅ Processed https://www.cccp.com/post/cccp-earns-platinum-status-milestone-systems/ → 2 chunks
  🔄 Generating embeddings for 2 chunks...
✅ Processed https://www.cccp.com/post/audiovideo-and-it-convergence/ → 2 chunks
  🔄 Generating embeddings for 3 chunks...
✅ Processed https://www.cccp.com/post/considering-digital-signage-ask-questions/ → 3 chunks
  🔄 Generating embeddings for 2 chunks...
✅ Processed https://www.cccp.com/post/backup-office-365/ → 2 chunks
  🔄 Generating embeddings for 1 chunks...
✅ Processed https://www.cccp.com/post/sound-control-acoustic-panels/ → 1 chunks
  🔄 Generating embeddings for 5 chunks...
✅ Processed https://www.cccp.com/post/safe-cyber-summer/ → 5 chunks
  🔄 Generating embeddings for 3 chunks...
✅ Processed https://www.cccp.com/post/av-fiber-testing/ → 3 chunks
  🔄 Generating embeddings for 2 chunks...
✅ Processed https://www.cccp.com/post/a-small-part-of-something-big/ → 2 chunks
  🔄 Generating embeddings for 5 chunks...
✅ Processed https://www.cccp.com/post/the-huddle-space-collaborative-discussion-facilitator/ → 5 chunks
  🔄 Generating embeddings for 3 chunks...
✅ Processed https://www.cccp.com/post/information-technology-vlans-to-tag-or-not-to-tag/ → 3 chunks
  🔄 Generating embeddings for 3 chunks...
✅ Processed https://www.cccp.com/post/news-cccp-acp-merger/ → 3 chunks
  🔄 Generating embeddings for 3 chunks...
✅ Processed https://www.cccp.com/post/cloud-communications-why-pay-as-you-go-works-for-smbs/ → 3 chunks
  🔄 Generating embeddings for 3 chunks...
✅ Processed https://www.cccp.com/post/av-too-many-remotes-a-custom-control-system-can-help/ → 3 chunks
  🔄 Generating embeddings for 4 chunks...
✅ Processed https://www.cccp.com/post/news-casio-lampfree-projector-powers-new-arcade-game-hit-connect4-hoops/ → 4 chunks
  🔄 Generating embeddings for 2 chunks...
✅ Processed https://www.cccp.com/post/news-av-camera-corner-connecting-point-achieves-danley-certified-designer-level/ → 2 chunks
  🔄 Generating embeddings for 2 chunks...
✅ Processed https://www.cccp.com/post/news-camera-corner-connecting-point-named-2019-ingram-micro-cloud-partner-award-winner/ → 2 chunks
  🔄 Generating embeddings for 3 chunks...
✅ Processed https://www.cccp.com/post/news-acp-creativit-announces-key-leadership-appointments/ → 3 chunks
  🔄 Generating embeddings for 2 chunks...
✅ Processed https://www.cccp.com/post/news-cccp-grows-team-focus-on-critical-infrastructure/ → 2 chunks
  🔄 Generating embeddings for 3 chunks...
✅ Processed https://www.cccp.com/post/one-simple-action-you-can-take-to-prevent-99-9-percent-of-attacks-on-your-accounts/ → 3 chunks
  🔄 Generating embeddings for 2 chunks...
✅ Processed https://www.cccp.com/post/cccp-efforts-in-light-of-covid-19/ → 2 chunks
  🔄 Generating embeddings for 4 chunks...
✅ Processed https://www.cccp.com/post/5-things-consider-before-buying-video-wall/ → 4 chunks
  🔄 Generating embeddings for 2 chunks...
✅ Processed https://www.cccp.com/post/vidiquette-etiquette-for-video-conferencing-pt-1/ → 2 chunks
  🔄 Generating embeddings for 3 chunks...
✅ Processed https://www.cccp.com/post/how-do-i-decide-on-a-premise-based-cloud-based-or-hybrid-phone-system/ → 3 chunks
  🔄 Generating embeddings for 2 chunks...
✅ Processed https://www.cccp.com/post/acp-creativit-and-cccp-announced-as-tech-elite-250/ → 2 chunks
  🔄 Generating embeddings for 2 chunks...
✅ Processed https://www.cccp.com/post/vidiquette-etiquette-for-video-conferencing-pt-2/ → 2 chunks
  🔄 Generating embeddings for 3 chunks...
✅ Processed https://www.cccp.com/post/vidiquette-etiquette-for-video-conferencing-pt-3/ → 3 chunks
  🔄 Generating embeddings for 3 chunks...
✅ Processed https://www.cccp.com/post/microsoft-teams-is-committed-to-user-safety/ → 3 chunks
  🔄 Generating embeddings for 3 chunks...
✅ Processed https://www.cccp.com/post/the-powerful-end-to-end-emergency-management-solution-havrion/ → 3 chunks
  🔄 Generating embeddings for 3 chunks...
✅ Processed https://www.cccp.com/post/why-switch-from-traditional-av-systems-to-av-over-ip/ → 3 chunks
  🔄 Generating embeddings for 2 chunks...
✅ Processed https://www.cccp.com/post/how-will-our-office-spaces-adapt-amid-the-pandemic-and-beyond-part-1/ → 2 chunks
  🔄 Generating embeddings for 3 chunks...
✅ Processed https://www.cccp.com/post/how-will-our-office-spaces-adapt-amid-the-pandemic-and-beyond-part-2/ → 3 chunks
  🔄 Generating embeddings for 2 chunks...
✅ Processed https://www.cccp.com/post/acp-creativit-awarded-healthcare-specialist-certification/ → 2 chunks
  🔄 Generating embeddings for 6 chunks...
✅ Processed https://www.cccp.com/post/recording-livestreaming-for-your-church/ → 6 chunks
  🔄 Generating embeddings for 3 chunks...
✅ Processed https://www.cccp.com/post/pure-storage-helps-you-innovate-with-a-modern-data-experience/ → 3 chunks
  🔄 Generating embeddings for 1 chunks...
✅ Processed https://www.cccp.com/post/hpe-greenlake-podcast-with-camera-corners-dave-kieper/ → 1 chunks
  🔄 Generating embeddings for 3 chunks...
✅ Processed https://www.cccp.com/post/flexible-co-managed-service-offerings-from-netassist-relieve-your-day-to-day-it-worries/ → 3 chunks
  🔄 Generating embeddings for 5 chunks...
✅ Processed https://www.cccp.com/post/hpe-greenlake-delivering-a-paradigm-shift-with-it-consumption-model/ → 5 chunks
  🔄 Generating embeddings for 2 chunks...
✅ Processed https://www.cccp.com/post/microsoft-reinforces-the-move-towards-subscription-based-microsoft-365/ → 2 chunks
  🔄 Generating embeddings for 2 chunks...
✅ Processed https://www.cccp.com/post/acp-creativit-achieves-cisco-premier-certified-partner-status/ → 2 chunks
  🔄 Generating embeddings for 4 chunks...
✅ Processed https://www.cccp.com/post/technology-trends-to-expect-in-2021/ → 4 chunks
  🔄 Generating embeddings for 3 chunks...
✅ Processed https://www.cccp.com/post/what-threats-litter-the-cyber-security-landscape-in-2021/ → 3 chunks
  🔄 Generating embeddings for 3 chunks...
✅ Processed https://www.cccp.com/post/modernizing-security-with-the-enforcement-of-cmmc-requirements/ → 3 chunks
  🔄 Generating embeddings for 3 chunks...
✅ Processed https://www.cccp.com/post/why-choose-acp-creativit-camera-corner-connecting-point-for-cyber-security/ → 3 chunks
  🔄 Generating embeddings for 4 chunks...
✅ Processed https://www.cccp.com/post/new-normal-webinar-recap/ → 4 chunks
  🔄 Generating embeddings for 3 chunks...
✅ Processed https://www.cccp.com/post/the-growing-need-for-modern-collaboration/ → 3 chunks
  🔄 Generating embeddings for 3 chunks...
✅ Processed https://www.cccp.com/post/the-case-for-modern-infrastructure/ → 3 chunks
  🔄 Generating embeddings for 3 chunks...
✅ Processed https://www.cccp.com/post/endpoint-protection-has-become-a-priority/ → 3 chunks
  🔄 Generating embeddings for 4 chunks...
✅ Processed https://www.cccp.com/post/how-to-implement-a-modern-workplace-initiative/ → 4 chunks
  🔄 Generating embeddings for 5 chunks...
✅ Processed https://www.cccp.com/post/so-you-went-remote-what-next/ → 5 chunks
  🔄 Generating embeddings for 4 chunks...
✅ Processed https://www.cccp.com/post/the-case-for-co-managed-services-with-netassist/ → 4 chunks
  🔄 Generating embeddings for 3 chunks...
✅ Processed https://www.cccp.com/post/defining-managed-services/ → 3 chunks
  🔄 Generating embeddings for 3 chunks...
✅ Processed https://www.cccp.com/post/the-5-worst-data-breaches-of-all-time/ → 3 chunks
  🔄 Generating embeddings for 2 chunks...
✅ Processed https://www.cccp.com/post/free-your-it-staff-with-managed-help-desk-services/ → 2 chunks
  🔄 Generating embeddings for 3 chunks...
✅ Processed https://www.cccp.com/post/what-to-consider-when-deciding-on-a-phone-system/ → 3 chunks
  🔄 Generating embeddings for 3 chunks...
✅ Processed https://www.cccp.com/post/enhance-your-microsoft-teams-experience-with-8x8-voice/ → 3 chunks
  🔄 Generating embeddings for 2 chunks...
✅ Processed https://www.cccp.com/post/camera-corner-connecting-point-named-vertiv-2020-central-united-states-partner-of-the-year/ → 2 chunks
  🔄 Generating embeddings for 3 chunks...
✅ Processed https://www.cccp.com/post/simplify-the-world-of-work-with-unified-communications/ → 3 chunks
  🔄 Generating embeddings for 3 chunks...
✅ Processed https://www.cccp.com/post/vlans-to-tag-or-not-to-tag/ → 3 chunks
  🔄 Generating embeddings for 3 chunks...
✅ Processed https://www.cccp.com/post/the-move-to-cloud-networking-makes-sense/ → 3 chunks
  🔄 Generating embeddings for 3 chunks...
✅ Processed https://www.cccp.com/post/exploring-the-innovative-solutions-from-intel-and-amd/ → 3 chunks
  🔄 Generating embeddings for 4 chunks...
✅ Processed https://www.cccp.com/post/increasing-school-safety-through-the-power-of-a-halo/ → 4 chunks
  🔄 Generating embeddings for 5 chunks...
✅ Processed https://www.cccp.com/post/factors-to-consider-when-deciding-between-on-premises-and-cloud-it-infrastructure/ → 5 chunks
  🔄 Generating embeddings for 3 chunks...
✅ Processed https://www.cccp.com/post/apples-m1-chip-sets-a-new-standard/ → 3 chunks
  🔄 Generating embeddings for 3 chunks...
✅ Processed https://www.cccp.com/post/embracing-an-employee-choice-program/ → 3 chunks
  🔄 Generating embeddings for 2 chunks...
✅ Processed https://www.cccp.com/post/apple-business-manager-deployment-made-easy/ → 2 chunks
  🔄 Generating embeddings for 3 chunks...
✅ Processed https://www.cccp.com/post/why-apple-makes-sense-for-your-organization/ → 3 chunks
  🔄 Generating embeddings for 2 chunks...
✅ Processed https://www.cccp.com/post/15-ways-to-protect-your-business-from-a-cyber-attack/ → 2 chunks
  🔄 Generating embeddings for 4 chunks...
✅ Processed https://www.cccp.com/post/types-of-cyber-attacks-to-watch-out-for/ → 4 chunks
  🔄 Generating embeddings for 4 chunks...
✅ Processed https://www.cccp.com/post/deploy-layered-protection-with-multi-factor-authentication/ → 4 chunks
  🔄 Generating embeddings for 4 chunks...
✅ Processed https://www.cccp.com/post/things-to-consider-when-deciding-between-popular-video-conferencing-platforms/ → 4 chunks
  🔄 Generating embeddings for 3 chunks...
✅ Processed https://www.cccp.com/post/improved-training-experience-coming-to-initiativeone-from-daktronics/ → 3 chunks
  🔄 Generating embeddings for 3 chunks...
✅ Processed https://www.cccp.com/post/collaboration-in-the-dynamic-work-environment/ → 3 chunks
  🔄 Generating embeddings for 2 chunks...
✅ Processed https://www.cccp.com/post/hewlett-packard-enterprise-strengthens-greenlake-offering-with-breakthrough-analytics-and-data-protection-cloud-services/ → 2 chunks
  🔄 Generating embeddings for 4 chunks...
✅ Processed https://www.cccp.com/post/understanding-the-chip-shortage/ → 4 chunks
  🔄 Generating embeddings for 3 chunks...
✅ Processed https://www.cccp.com/post/midwest-merger-positions-acp-creativit-for-long-term-success/ → 3 chunks
  🔄 Generating embeddings for 3 chunks...
✅ Processed https://www.cccp.com/post/securing-your-top-threat-vector-email/ → 3 chunks
  🔄 Generating embeddings for 3 chunks...
✅ Processed https://www.cccp.com/post/human-error-your-weakest-link-in-the-fight-against-bad-actors/ → 3 chunks
  🔄 Generating embeddings for 2 chunks...
✅ Processed https://www.cccp.com/post/acp-creativit-achieves-blue-diamond-partner-status-with-datto/ → 2 chunks
  🔄 Generating embeddings for 3 chunks...
✅ Processed https://www.cccp.com/post/cyber-security-framework-breaking-down-the-acronyms/ → 3 chunks
  🔄 Generating embeddings for 5 chunks...
✅ Processed https://www.cccp.com/post/cyber-security-recap-2021/ → 5 chunks
  🔄 Generating embeddings for 3 chunks...
✅ Processed https://www.cccp.com/post/microsoft-nce-changes/ → 3 chunks
  🔄 Generating embeddings for 3 chunks...
✅ Processed https://www.cccp.com/post/understanding-microsoft-intune/ → 3 chunks
  🔄 Generating embeddings for 4 chunks...
✅ Processed https://www.cccp.com/post/expand-your-knowledge-on-microsoft-security/ → 4 chunks
  🔄 Generating embeddings for 3 chunks...
✅ Processed https://www.cccp.com/post/what-are-nfts-and-how-do-they-hold-value/ → 3 chunks
  🔄 Generating embeddings for 3 chunks...
✅ Processed https://www.cccp.com/post/factors-to-consider-before-investing-in-nfts/ → 3 chunks
  🔄 Generating embeddings for 4 chunks...
✅ Processed https://www.cccp.com/post/are-nfts-here-to-stay/ → 4 chunks
  🔄 Generating embeddings for 3 chunks...
✅ Processed https://www.cccp.com/post/nfts-tips-tricks-and-terms-to-know/ → 3 chunks
  🔄 Generating embeddings for 4 chunks...
✅ Processed https://www.cccp.com/post/never-trust-and-always-verify-and-verify-and-verify/ → 4 chunks
  🔄 Generating embeddings for 4 chunks...
✅ Processed https://www.cccp.com/post/what-to-do-when-you-are-the-victim-of-a-cyber-security-attack/ → 4 chunks
  🔄 Generating embeddings for 3 chunks...
✅ Processed https://www.cccp.com/post/a-comparison-of-the-cyber-security-built-into-our-default-browsers/ → 3 chunks
  🔄 Generating embeddings for 2 chunks...
✅ Processed https://www.cccp.com/post/physical-security-fundamentals/ → 2 chunks
  🔄 Generating embeddings for 6 chunks...
✅ Processed https://www.cccp.com/post/is-your-business-protected-use-this-office-physical-security-audit-to-find-out/ → 6 chunks
  🔄 Generating embeddings for 4 chunks...
✅ Processed https://www.cccp.com/post/why-the-cloud-makes-sense-for-physical-security/ → 4 chunks
  🔄 Generating embeddings for 4 chunks...
✅ Processed https://www.cccp.com/post/uncovering-your-strongest-defense-against-gun-threats/ → 4 chunks
  🔄 Generating embeddings for 5 chunks...
✅ Processed https://www.cccp.com/post/hpe-greenlake-delivering-a-paradigm-shift-with-it-consumption-model-2/ → 5 chunks
  🔄 Generating embeddings for 3 chunks...
✅ Processed https://www.cccp.com/post/acp-creativit-acquires-versatile-communications-expands-footprint-offerings/ → 3 chunks
  🔄 Generating embeddings for 2 chunks...
✅ Processed https://www.cccp.com/post/hpe-greenlake-for-vdi-a-best-of-all-worlds-approach/ → 2 chunks
  🔄 Generating embeddings for 3 chunks...
✅ Processed https://www.cccp.com/post/discovering-the-latest-enhancements-to-hpe-greenlake-pt-1/ → 3 chunks
  🔄 Generating embeddings for 4 chunks...
✅ Processed https://www.cccp.com/post/discovering-the-latest-enhancements-to-hpe-greenlake-pt-2/ → 4 chunks
  🔄 Generating embeddings for 2 chunks...
✅ Processed https://www.cccp.com/post/cloud-security-how-it-impacts-your-insurance-policy/ → 2 chunks
  🔄 Generating embeddings for 5 chunks...
✅ Processed https://www.cccp.com/post/the-importance-of-network-access-control-nac/ → 5 chunks
  🔄 Generating embeddings for 3 chunks...
✅ Processed https://www.cccp.com/post/securing-your-iot-devices/ → 3 chunks
  🔄 Generating embeddings for 3 chunks...
✅ Processed https://www.cccp.com/post/network-access-control-for-a-zero-trust-age/ → 3 chunks
  🔄 Generating embeddings for 3 chunks...
✅ Processed https://www.cccp.com/post/defining-managed-services-2/ → 3 chunks
  🔄 Generating embeddings for 1 chunks...
✅ Processed https://www.cccp.com/post/how-your-business-can-recover-quickly-from-any-disaster/ → 1 chunks
  🔄 Generating embeddings for 2 chunks...
✅ Processed https://www.cccp.com/post/understanding-the-cost-of-downtime/ → 2 chunks
  🔄 Generating embeddings for 4 chunks...
✅ Processed https://www.cccp.com/post/how-i-got-hacked/ → 4 chunks
  🔄 Generating embeddings for 3 chunks...
✅ Processed https://www.cccp.com/post/nextgen-managed-services-break-free-from-break-fix/ → 3 chunks
  🔄 Generating embeddings for 2 chunks...
✅ Processed https://www.cccp.com/post/why-business-continuity-makes-sense-for-smbs/ → 2 chunks
  🔄 Generating embeddings for 3 chunks...
✅ Processed https://www.cccp.com/post/tuned-for-your-room-how-camera-corner-connecting-point-delivered-a-curated-sound-system-at-cup-o-joy/ → 3 chunks
  🔄 Generating embeddings for 3 chunks...
✅ Processed https://www.cccp.com/post/cyber-security-recap-2022/ → 3 chunks
  🔄 Generating embeddings for 3 chunks...
✅ Processed https://www.cccp.com/post/five-cyber-insurance-considerations/ → 3 chunks
  🔄 Generating embeddings for 2 chunks...
✅ Processed https://www.cccp.com/post/time-for-an-upgrade-how-camera-corner-empowered-wisconsin-public-service-with-modern-visual-displays/ → 2 chunks
  🔄 Generating embeddings for 2 chunks...
✅ Processed https://www.cccp.com/managed-services/ → 2 chunks
  🔄 Generating embeddings for 1 chunks...
✅ Processed https://www.cccp.com/about-us/ → 1 chunks
⚠️  No content extracted from https://www.cccp.com/news/
  🔄 Generating embeddings for 1 chunks...
✅ Processed https://www.cccp.com/contact/ → 1 chunks
  🔄 Generating embeddings for 1 chunks...
✅ Processed https://www.cccp.com/event-production/ → 1 chunks
  🔄 Generating embeddings for 2 chunks...
✅ Processed https://www.cccp.com/audio-visual/video-conferencing/ → 2 chunks
  🔄 Generating embeddings for 1 chunks...
✅ Processed https://www.cccp.com/big-business/ → 1 chunks
  🔄 Generating embeddings for 2 chunks...
✅ Processed https://www.cccp.com/case-studies/ → 2 chunks
  🔄 Generating embeddings for 1 chunks...
✅ Processed https://www.cccp.com/educationgovernment/ → 1 chunks
  🔄 Generating embeddings for 1 chunks...
✅ Processed https://www.cccp.com/healthcare/ → 1 chunks
  🔄 Generating embeddings for 2 chunks...
✅ Processed https://www.cccp.com/houses-of-worship/ → 2 chunks
  🔄 Generating embeddings for 1 chunks...
✅ Processed https://www.cccp.com/smallmedium-business/ → 1 chunks
  🔄 Generating embeddings for 13 chunks...
✅ Processed https://www.cccp.com/blog/ → 13 chunks
  🔄 Generating embeddings for 1 chunks...
✅ Processed https://www.cccp.com/support-2/ → 1 chunks
  🔄 Generating embeddings for 1 chunks...
✅ Processed https://www.cccp.com/careers/ → 1 chunks
  🔄 Generating embeddings for 3 chunks...
✅ Processed https://www.cccp.com/terms-conditions/ → 3 chunks
  🔄 Generating embeddings for 1 chunks...
✅ Processed https://www.cccp.com/return-policy/ → 1 chunks
  🔄 Generating embeddings for 2 chunks...
✅ Processed https://www.cccp.com/privacy-policy/ → 2 chunks
⚠️  No content extracted from https://www.cccp.com/hp-enterprises/
  🔄 Generating embeddings for 1 chunks...
✅ Processed https://www.cccp.com/cechouston/ → 1 chunks
  🔄 Generating embeddings for 1 chunks...
✅ Processed https://www.cccp.com/8x8/ → 1 chunks
  🔄 Generating embeddings for 1 chunks...
✅ Processed https://www.cccp.com/mitel/ → 1 chunks
  🔄 Generating embeddings for 1 chunks...
✅ Processed https://www.cccp.com/fortinet/ → 1 chunks
  🔄 Generating embeddings for 2 chunks...
✅ Processed https://www.cccp.com/audio-visual/video-walls/ → 2 chunks
  🔄 Generating embeddings for 1 chunks...
✅ Processed https://www.cccp.com/information-technology/ → 1 chunks
  🔄 Generating embeddings for 2 chunks...
✅ Processed https://www.cccp.com/information-technology/modern-workplace/ → 2 chunks
  🔄 Generating embeddings for 1 chunks...
✅ Processed https://www.cccp.com/physical-security/ → 1 chunks
  🔄 Generating embeddings for 4 chunks...
✅ Processed https://www.cccp.com/information-technology/cyber-security/ → 4 chunks
  🔄 Generating embeddings for 4 chunks...
✅ Processed https://www.cccp.com/information-technology/cloud-solutions/ → 4 chunks
  🔄 Generating embeddings for 2 chunks...
✅ Processed https://www.cccp.com/information-technology/data-center/ → 2 chunks
  🔄 Generating embeddings for 2 chunks...
✅ Processed https://www.cccp.com/information-technology/network-infrastructure/ → 2 chunks
  🔄 Generating embeddings for 2 chunks...
✅ Processed https://www.cccp.com/information-technology/endpoint-hardware/ → 2 chunks
  🔄 Generating embeddings for 1 chunks...
✅ Processed https://www.cccp.com/audio-visual/ → 1 chunks
  🔄 Generating embeddings for 1 chunks...
✅ Processed https://www.cccp.com/ → 1 chunks
  🔄 Generating embeddings for 2 chunks...
✅ Processed https://www.cccp.com/audio-visual/classrooms-training-rooms/ → 2 chunks
  🔄 Generating embeddings for 2 chunks...
✅ Processed https://www.cccp.com/audio-visual/digital-signage/ → 2 chunks
  🔄 Generating embeddings for 2 chunks...
✅ Processed https://www.cccp.com/audio-visual/performance-spaces/ → 2 chunks
  🔄 Generating embeddings for 3 chunks...
✅ Processed https://www.cccp.com/audio-visual/av-consulting-services/ → 3 chunks
  🔄 Generating embeddings for 1 chunks...
✅ Processed https://www.cccp.com/unified-communications/ → 1 chunks
  🔄 Generating embeddings for 2 chunks...
✅ Processed https://www.cccp.com/audio-visual/houses-of-worship/ → 2 chunks
  🔄 Generating embeddings for 2 chunks...
✅ Processed https://www.cccp.com/unified-communications/on-premise-phone-system/ → 2 chunks
  🔄 Generating embeddings for 3 chunks...
✅ Processed https://www.cccp.com/unified-communications/cloud-phone-system/ → 3 chunks
  🔄 Generating embeddings for 1 chunks...
✅ Processed https://www.cccp.com/physical-security/door-access/ → 1 chunks
  🔄 Generating embeddings for 1 chunks...
✅ Processed https://www.cccp.com/physical-security/video-surveillance-solutions/ → 1 chunks
  🔄 Generating embeddings for 1 chunks...
✅ Processed https://www.cccp.com/physical-security/process-line-monitoring/ → 1 chunks
  🔄 Generating embeddings for 1 chunks...
✅ Processed https://www.cccp.com/enterprise-business/ → 1 chunks
  🔄 Generating embeddings for 1 chunks...
✅ Processed https://www.cccp.com/veeam/ → 1 chunks
  🔄 Generating embeddings for 2 chunks...
✅ Processed https://www.cccp.com/small-to-medium-business/ → 2 chunks
  🔄 Generating embeddings for 1 chunks...
✅ Processed https://www.cccp.com/meridian-personnel-management-kiosk/ → 1 chunks
  🔄 Generating embeddings for 1 chunks...
✅ Processed https://www.cccp.com/information-technology/personal-protection-equipment/ → 1 chunks
  🔄 Generating embeddings for 1 chunks...
✅ Processed https://www.cccp.com/aruba/ → 1 chunks
⚠️  No content extracted from https://www.cccp.com/test-ads/
  🔄 Generating embeddings for 5 chunks...
✅ Processed https://www.cccp.com/education/ → 5 chunks
⚠️  No content extracted from https://www.cccp.com/contact-landing-page/
⚠️  No content extracted from https://www.cccp.com/post-a-job/
⚠️  No content extracted from https://www.cccp.com/job-dashboard/
⚠️  No content extracted from https://www.cccp.com/jobs/
  🔄 Generating embeddings for 1 chunks...
✅ Processed https://www.cccp.com/information-technology/data-center/hpe-greenlake/ → 1 chunks
⚠️  Skipping https://www.cccp.com/post/testimonial/gen-x/: HTTP 404
⚠️  Skipping https://www.cccp.com/post/testimonial/millenial-director-of-cloud-services/: HTTP 404
⚠️  Skipping https://www.cccp.com/post/testimonial/baby-boomer-manager/: HTTP 404
⚠️  Skipping https://www.cccp.com/post/testimonial/baby-boomer-technician/: HTTP 404
⚠️  Skipping https://www.cccp.com/post/testimonial/gen-x-inside-sales-support-manager/: HTTP 404
⚠️  Skipping https://www.cccp.com/post/testimonial/millenial-director-of-cloud-services-2/: HTTP 404
⚠️  Skipping https://www.cccp.com/post/testimonial/baby-boomer-management/: HTTP 404
⚠️  Skipping https://www.cccp.com/post/testimonial/millenial-customer-service-specialist/: HTTP 404
⚠️  Skipping https://www.cccp.com/post/testimonial/millenial-customer-service/: HTTP 404
⚠️  Skipping https://www.cccp.com/post/testimonial/gen-x-accounts-payable/: HTTP 404
⚠️  Skipping https://www.cccp.com/post/testimonial/millenial-inside-sales/: HTTP 404
⚠️  Skipping https://www.cccp.com/post/testimonial/baby-boomer-network-administration-parts-logistics-support/: HTTP 404
⚠️  Skipping https://www.cccp.com/post/testimonial/baby-boomer-service-technician/: HTTP 404
⚠️  Skipping https://www.cccp.com/post/testimonial/gen-x-senior-vice-president-of-av-strategy/: HTTP 404
⚠️  Skipping https://www.cccp.com/post/testimonial/gen-x-vice-president-of-procurement/: HTTP 404
⚠️  Skipping https://www.cccp.com/post/testimonial/gen-x-engineer/: HTTP 404
⚠️  Skipping https://www.cccp.com/post/testimonial/millenial-av-account-manager/: HTTP 404
⚠️  Skipping https://www.cccp.com/post/testimonial/millenial-av-software-engineer/: HTTP 404
⚠️  Skipping https://www.cccp.com/post/testimonial/baby-boomer-senior-enterprise-consultant/: HTTP 404
⚠️  Skipping https://www.cccp.com/post/testimonial/gen-x-2/: HTTP 404
  🔄 Generating embeddings for 1 chunks...
✅ Processed https://www.cccp.com/?oceanwp_library=header → 1 chunks
  🔄 Generating embeddings for 1 chunks...
✅ Processed https://www.cccp.com/?oceanwp_library=test → 1 chunks
  🔄 Generating embeddings for 1 chunks...
✅ Processed https://www.cccp.com/?oceanwp_library=footer-events → 1 chunks
  🔄 Generating embeddings for 1 chunks...
✅ Processed https://www.cccp.com/?oceanwp_library=footer-2020 → 1 chunks
  🔄 Generating embeddings for 1 chunks...
✅ Processed https://www.cccp.com/case-study/green-bay-converting/ → 1 chunks
  🔄 Generating embeddings for 1 chunks...
✅ Processed https://www.cccp.com/case-study/pathways-church/ → 1 chunks
  🔄 Generating embeddings for 1 chunks...
✅ Processed https://www.cccp.com/case-study/kroc-center/ → 1 chunks
  🔄 Generating embeddings for 1 chunks...
✅ Processed https://www.cccp.com/case-study/green-bay-public-schools/ → 1 chunks
  🔄 Generating embeddings for 1 chunks...
✅ Processed https://www.cccp.com/case-study/cccp/ → 1 chunks
  🔄 Generating embeddings for 1 chunks...
✅ Processed https://www.cccp.com/case-study/west-de-pere-school-district/ → 1 chunks
  🔄 Generating embeddings for 1 chunks...
✅ Processed https://www.cccp.com/case-study/west-depere-school-district-lightspeed-video/ → 1 chunks
  🔄 Generating embeddings for 1 chunks...
✅ Processed https://www.cccp.com/case-study/apple-powers-law-firm/ → 1 chunks
  🔄 Generating embeddings for 1 chunks...
✅ Processed https://www.cccp.com/case-study/shawano-medical-center/ → 1 chunks
  🔄 Generating embeddings for 1 chunks...
✅ Processed https://www.cccp.com/case-study/shoretel-mobility/ → 1 chunks
  🔄 Generating embeddings for 1 chunks...
✅ Processed https://www.cccp.com/case-study/uw-eau-claire-av-project/ → 1 chunks
  🔄 Generating embeddings for 1 chunks...
✅ Processed https://www.cccp.com/case-study/festival-foods-enhances-customer-service-voip-solutions/ → 1 chunks
  🔄 Generating embeddings for 1 chunks...
✅ Processed https://www.cccp.com/post/tss_slider/employee-testimonials/ → 1 chunks
  🔄 Generating embeddings for 1 chunks...
✅ Processed https://www.cccp.com/post/tss_data/gen-x/ → 1 chunks
  🔄 Generating embeddings for 1 chunks...
✅ Processed https://www.cccp.com/post/tss_data/baby-boomer-senior-enterprise-consultant/ → 1 chunks
  🔄 Generating embeddings for 1 chunks...
✅ Processed https://www.cccp.com/post/tss_data/millenial-av-software-engineer/ → 1 chunks
  🔄 Generating embeddings for 1 chunks...
✅ Processed https://www.cccp.com/post/tss_data/millenial-av-account-manager/ → 1 chunks
  🔄 Generating embeddings for 1 chunks...
✅ Processed https://www.cccp.com/post/tss_data/gen-x-engineer/ → 1 chunks
  🔄 Generating embeddings for 1 chunks...
✅ Processed https://www.cccp.com/post/tss_data/gen-x-vice-president-of-procurement/ → 1 chunks
  🔄 Generating embeddings for 1 chunks...
✅ Processed https://www.cccp.com/post/tss_data/gen-x-senior-vice-president-of-av-strategy/ → 1 chunks
  🔄 Generating embeddings for 1 chunks...
✅ Processed https://www.cccp.com/post/tss_data/baby-boomer-service-technician/ → 1 chunks
  🔄 Generating embeddings for 1 chunks...
✅ Processed https://www.cccp.com/post/tss_data/baby-boomer-network-administration-parts-logistics-support/ → 1 chunks
  🔄 Generating embeddings for 1 chunks...
✅ Processed https://www.cccp.com/post/tss_data/millenial-inside-sales/ → 1 chunks
  🔄 Generating embeddings for 1 chunks...
✅ Processed https://www.cccp.com/post/tss_data/gen-x-accounts-payable/ → 1 chunks
  🔄 Generating embeddings for 1 chunks...
✅ Processed https://www.cccp.com/post/tss_data/millenial-customer-service/ → 1 chunks
  🔄 Generating embeddings for 1 chunks...
✅ Processed https://www.cccp.com/post/tss_data/millenial-customer-service-specialist/ → 1 chunks
  🔄 Generating embeddings for 1 chunks...
✅ Processed https://www.cccp.com/post/tss_data/baby-boomer-management/ → 1 chunks
  🔄 Generating embeddings for 1 chunks...
✅ Processed https://www.cccp.com/post/tss_data/millenial-director-of-cloud-services/ → 1 chunks
  🔄 Generating embeddings for 1 chunks...
✅ Processed https://www.cccp.com/post/tss_data/gen-x-inside-sales-support-manager/ → 1 chunks
  🔄 Generating embeddings for 1 chunks...
✅ Processed https://www.cccp.com/post/tss_data/baby-boomer-technician/ → 1 chunks
  🔄 Generating embeddings for 1 chunks...
✅ Processed https://www.cccp.com/post/tss_data/baby-boomer-manager/ → 1 chunks
⚠️  No content extracted from https://www.cccp.com/venue/cccp-studios/
⚠️  No content extracted from https://www.cccp.com/venue/cccp-classroom/
⚠️  No content extracted from https://www.cccp.com/venue/ki-convention-center/
⚠️  No content extracted from https://www.cccp.com/venue/camera-corner-connecting-point/
⚠️  No content extracted from https://www.cccp.com/venue/n-e-w-zoo/
⚠️  No content extracted from https://www.cccp.com/venue/the-autobobile-gallery/
⚠️  No content extracted from https://www.cccp.com/venue/legends-room-at-lambeau-field-atrium/
⚠️  No content extracted from https://www.cccp.com/venue/green-bay-botanical-garden/
⚠️  No content extracted from https://www.cccp.com/venue/titletown-brewery/
⚠️  No content extracted from https://www.cccp.com/venue/studio-rouge/
⚠️  No content extracted from https://www.cccp.com/venue/new-zoo/
⚠️  No content extracted from https://www.cccp.com/venue/bay-beach-wildlife-sanctuary/
⚠️  No content extracted from https://www.cccp.com/venue/national-railroad-museum/
⚠️  No content extracted from https://www.cccp.com/venue/online/
⚠️  No content extracted from https://www.cccp.com/venue/butterfly-gardens-of-wisconsin/
⚠️  No content extracted from https://www.cccp.com/venue/fonfereks-glen-2/
⚠️  No content extracted from https://www.cccp.com/venue/fonfereks-glen-3/
⚠️  No content extracted from https://www.cccp.com/organizer/cccp/
⚠️  No content extracted from https://www.cccp.com/organizer/brittney-kunkel/
⚠️  No content extracted from https://www.cccp.com/organizer/anna-snyder/
⚠️  No content extracted from https://www.cccp.com/organizer/stacy-glass/
  🔄 Generating embeddings for 1 chunks...
✅ Processed https://www.cccp.com/post/testimonial/city-of-manitowoc/ → 1 chunks
  🔄 Generating embeddings for 1 chunks...
✅ Processed https://www.cccp.com/post/testimonial/dean-distributing/ → 1 chunks
  🔄 Generating embeddings for 1 chunks...
✅ Processed https://www.cccp.com/post/testimonial/care-net-pregnancy-center-of-dane-county/ → 1 chunks
  🔄 Generating embeddings for 1 chunks...
✅ Processed https://www.cccp.com/post/testimonial/university-of-wisconsin-whitewater/ → 1 chunks
  🔄 Generating embeddings for 1 chunks...
✅ Processed https://www.cccp.com/post/testimonial/acuity/ → 1 chunks
  🔄 Generating embeddings for 1 chunks...
✅ Processed https://www.cccp.com/post/testimonial/jr-machine/ → 1 chunks
  🔄 Generating embeddings for 1 chunks...
✅ Processed https://www.cccp.com/post/testimonial/appleton-area-school-district/ → 1 chunks
  🔄 Generating embeddings for 1 chunks...
✅ Processed https://www.cccp.com/post/testimonial/unified-school-district-of-de-pere/ → 1 chunks
  🔄 Generating embeddings for 1 chunks...
✅ Processed https://www.cccp.com/post/testimonial/menominee-county/ → 1 chunks

✨ Done! Inserted 618 chunks into Supabase knowledge_base table
🔗 View in Supabase dashboard: https://ilzjtewudrvhxixsrdhw.supabase.co/project/_/editor
